==== containers ====
openshell-default--fip-m5d-rest-[redacted]-supervisor
openshell-default--fip-m5d-rest-[redacted]
==== docker-logs [redacted] ====
2026-09-29T18:28:41.048Z INFO openshell_supervisor: Starting sandbox supervision
2026-09-29T18:28:41.097Z INFO openshell_supervisor: Fetching sandbox policy via gRPC
2026-09-29T18:28:41.157Z INFO openshell_supervisor_network::opa: Configured OPA runtime binary identity mode
2026-09-29T18:28:41.157Z OCSF CONFIG:CONFIGURED [INFO] OPA runtime binary identity mode configured [source:proto require_binary_identity:true] [source:proto]
2026-09-29T18:28:41.183Z INFO openshell_supervisor: Isolation boundary attached
2026-09-29T18:28:41.184Z INFO openshell_supervisor: Isolation boundary enforcement confirmed
2026-09-29T18:28:41.185Z OCSF CONFIG:ENABLED [INFO] TLS termination enabled: ephemeral CA generated
2026-09-29T18:28:41.185Z OCSF CONFIG:READY [INFO] Policy DNS connected to isolation boundary
2026-09-29T18:28:41.185Z OCSF NET:LISTEN [INFO] 127.0.0.1:3128
2026-09-29T18:28:41.198Z INFO openshell_supervisor: Isolation boundary agent started
2026-09-29T18:28:41.199Z OCSF SSH:LISTEN [INFO]
2026-09-29T18:28:41.253Z OCSF CONFIG:LOADED [INFO] Acknowledged initial policy revision as loaded [version:1] [hash:1cd0c65156ed316f09662ee19f05414f2f38b527775c9a84998d7c68cec7e030]
2026-09-29T18:28:41.263Z OCSF NET:OPEN [INFO] host.docker.internal:17670
2026-09-29T18:28:41.263Z INFO openshell_supervisor: Control-mode access plane started
2026-09-29T18:28:41.549Z OCSF EVENT [INFO] ssh relay open (channel_id=[redacted], target=unix:/run/openshell/ssh.sock)
2026-09-29T18:28:41.549Z OCSF SSH:OPEN [INFO] ALLOWED
2026-09-29T18:28:41.617Z OCSF EVENT [INFO] ssh relay closed (channel_id=[redacted], target=unix:/run/openshell/ssh.sock)
2026-09-29T18:28:41.706Z OCSF EVENT [INFO] ssh relay open (channel_id=[redacted], target=unix:/run/openshell/ssh.sock)
2026-09-29T18:28:41.706Z OCSF SSH:OPEN [INFO] ALLOWED
2026-09-29T18:28:41.761Z OCSF EVENT [INFO] ssh relay closed (channel_id=[redacted], target=unix:/run/openshell/ssh.sock)
2026-09-29T18:28:41.868Z OCSF EVENT [INFO] ssh relay open (channel_id=[redacted], target=unix:/run/openshell/ssh.sock)
2026-09-29T18:28:41.868Z OCSF SSH:OPEN [INFO] ALLOWED
2026-09-29T18:28:41.891Z OCSF CONFIG:PUBLISHED [INFO] Policy DNS mapped example.com resolved=104.20.23.154,172.66.147.243 synthetic=198.18.0.2 ports=443 mapping_id=[redacted]
2026-09-29T18:28:41.938Z OCSF NET:OPEN [INFO] ALLOWED /usr/bin/curl(0) -> example.com:443 [policy:req-example-get engine:opa]
2026-09-29T18:28:42.037Z OCSF HTTP:GET [INFO] ALLOWED GET http://example.com:443/ [policy:req-example-get engine:l7]
2026-09-29T18:28:42.138Z OCSF EVENT [INFO] ssh relay closed (channel_id=[redacted], target=unix:/run/openshell/ssh.sock)
2026-09-29T18:28:42.230Z OCSF EVENT [INFO] ssh relay open (channel_id=[redacted], target=unix:/run/openshell/ssh.sock)
2026-09-29T18:28:42.230Z OCSF SSH:OPEN [INFO] ALLOWED
2026-09-29T18:28:42.281Z OCSF EVENT [INFO] ssh relay closed (channel_id=[redacted], target=unix:/run/openshell/ssh.sock)
2026-09-29T18:28:42.364Z OCSF EVENT [INFO] ssh relay open (channel_id=[redacted], target=unix:/run/openshell/ssh.sock)
2026-09-29T18:28:42.364Z OCSF SSH:OPEN [INFO] ALLOWED
2026-09-29T18:28:42.417Z OCSF EVENT [INFO] ssh relay closed (channel_id=[redacted], target=unix:/run/openshell/ssh.sock)
2026-09-29T18:28:42.519Z OCSF EVENT [INFO] ssh relay open (channel_id=[redacted], target=unix:/run/openshell/ssh.sock)
2026-09-29T18:28:42.519Z OCSF SSH:OPEN [INFO] ALLOWED
2026-09-29T18:28:42.533Z OCSF CONFIG:PUBLISHED [INFO] Policy DNS mapped example.com resolved=104.20.23.154,172.66.147.243 synthetic=198.18.0.2 ports=443 mapping_id=[redacted]
2026-09-29T18:28:42.581Z OCSF NET:OPEN [INFO] ALLOWED /usr/bin/curl(0) -> example.com:443 [policy:req-example-get engine:opa]
2026-09-29T18:28:42.633Z OCSF HTTP:GET [MED] DENIED GET http://example.com:443/fip-unauthorized-path [policy:req-example-get engine:l7] [reason:L7_REQUEST deny GET example.com:443/fip-unauthorized-path reason=GET /fip-unauthorized-path not permitted by policy]
2026-09-29T18:28:42.677Z OCSF EVENT [INFO] ssh relay closed (channel_id=[redacted], target=unix:/run/openshell/ssh.sock)
2026-09-29T18:28:42.770Z OCSF EVENT [INFO] ssh relay open (channel_id=[redacted], target=unix:/run/openshell/ssh.sock)
2026-09-29T18:28:42.770Z OCSF SSH:OPEN [INFO] ALLOWED
2026-09-29T18:28:42.825Z OCSF EVENT [INFO] ssh relay closed (channel_id=[redacted], target=unix:/run/openshell/ssh.sock)
2026-09-29T18:28:42.909Z OCSF EVENT [INFO] ssh relay open (channel_id=[redacted], target=unix:/run/openshell/ssh.sock)
2026-09-29T18:28:42.909Z OCSF SSH:OPEN [INFO] ALLOWED
2026-09-29T18:28:42.965Z OCSF EVENT [INFO] ssh relay closed (channel_id=[redacted], target=unix:/run/openshell/ssh.sock)
2026-09-29T18:28:43.076Z OCSF EVENT [INFO] ssh relay open (channel_id=[redacted], target=unix:/run/openshell/ssh.sock)
2026-09-29T18:28:43.076Z OCSF SSH:OPEN [INFO] ALLOWED
2026-09-29T18:28:43.096Z OCSF CONFIG:PUBLISHED [INFO] Policy DNS mapped example.com resolved=104.20.23.154,172.66.147.243 synthetic=198.18.0.2 ports=443 mapping_id=[redacted]
2026-09-29T18:28:43.146Z OCSF NET:OPEN [INFO] ALLOWED /usr/bin/curl(0) -> example.com:443 [policy:req-example-get engine:opa]
2026-09-29T18:28:43.197Z OCSF HTTP:POST [MED] DENIED POST http://example.com:443/ [policy:req-example-get engine:l7] [reason:L7_REQUEST deny POST example.com:443/ reason=POST / not permitted by policy]
2026-09-29T18:28:43.202Z OCSF EVENT [INFO] ssh relay closed (channel_id=[redacted], target=unix:/run/openshell/ssh.sock)
2026-09-29T18:28:43.323Z OCSF EVENT [INFO] ssh relay open (channel_id=[redacted], target=unix:/run/openshell/ssh.sock)
2026-09-29T18:28:43.323Z OCSF SSH:OPEN [INFO] ALLOWED
2026-09-29T18:28:43.381Z OCSF EVENT [INFO] ssh relay closed (channel_id=[redacted], target=unix:/run/openshell/ssh.sock)
2026-09-29T18:28:43.463Z OCSF EVENT [INFO] ssh relay open (channel_id=[redacted], target=unix:/run/openshell/ssh.sock)
2026-09-29T18:28:43.463Z OCSF SSH:OPEN [INFO] ALLOWED
2026-09-29T18:28:43.521Z OCSF EVENT [INFO] ssh relay closed (channel_id=[redacted], target=unix:/run/openshell/ssh.sock)
2026-09-29T18:28:43.626Z OCSF EVENT [INFO] ssh relay open (channel_id=[redacted], target=unix:/run/openshell/ssh.sock)
2026-09-29T18:28:43.626Z OCSF SSH:OPEN [INFO] ALLOWED
2026-09-29T18:28:43.641Z OCSF NET:REFUSE [MED] DENIED example.org [reason:policy_dns_ineligible]
2026-09-29T18:28:43.641Z OCSF CONFIG:OBSERVATION [INFO] Policy DNS staged unapproved name example.org synthetic=198.18.0.3 for TCP policy review
2026-09-29T18:28:43.642Z WARN openshell_supervisor_network::proxy: Denied staged transparent connection
2026-09-29T18:28:43.642Z OCSF NET:OPEN [MED] DENIED /usr/bin/curl(0) -> example.org:443 [reason:transparent_tcp_policy_denied]
2026-09-29T18:28:43.681Z OCSF EVENT [INFO] ssh relay closed (channel_id=[redacted], target=unix:/run/openshell/ssh.sock)
2026-09-29T18:28:43.772Z OCSF EVENT [INFO] ssh relay open (channel_id=[redacted], target=unix:/run/openshell/ssh.sock)
2026-09-29T18:28:43.772Z OCSF SSH:OPEN [INFO] ALLOWED
2026-09-29T18:28:43.825Z OCSF EVENT [INFO] ssh relay closed (channel_id=[redacted], target=unix:/run/openshell/ssh.sock)
2026-09-29T18:28:43.914Z OCSF EVENT [INFO] ssh relay open (channel_id=[redacted], target=unix:/run/openshell/ssh.sock)
2026-09-29T18:28:43.914Z OCSF SSH:OPEN [INFO] ALLOWED
2026-09-29T18:28:43.969Z OCSF EVENT [INFO] ssh relay closed (channel_id=[redacted], target=unix:/run/openshell/ssh.sock)
2026-09-29T18:28:44.078Z OCSF EVENT [INFO] ssh relay open (channel_id=[redacted], target=unix:/run/openshell/ssh.sock)
2026-09-29T18:28:44.079Z OCSF SSH:OPEN [INFO] ALLOWED
2026-09-29T18:28:44.094Z OCSF CONFIG:PUBLISHED [INFO] Policy DNS mapped example.com resolved=104.20.23.154,172.66.147.243 synthetic=198.18.0.2 ports=443 mapping_id=[redacted]
2026-09-29T18:28:44.095Z WARN openshell_supervisor_network::proxy: Denied staged transparent connection
2026-09-29T18:28:44.095Z OCSF NET:OPEN [MED] DENIED /usr/bin/curl(0) -> 198.18.0.2:8443 [reason:transparent_tcp_mapping_denied]
2026-09-29T18:28:44.133Z OCSF EVENT [INFO] ssh relay closed (channel_id=[redacted], target=unix:/run/openshell/ssh.sock)
2026-09-29T18:28:44.219Z OCSF EVENT [INFO] ssh relay open (channel_id=[redacted], target=unix:/run/openshell/ssh.sock)
2026-09-29T18:28:44.219Z OCSF SSH:OPEN [INFO] ALLOWED
2026-09-29T18:28:44.269Z OCSF EVENT [INFO] ssh relay closed (channel_id=[redacted], target=unix:/run/openshell/ssh.sock)
2026-09-29T18:28:44.411Z OCSF EVENT [INFO] ssh relay open (channel_id=[redacted], target=unix:/run/openshell/ssh.sock)
2026-09-29T18:28:44.411Z OCSF SSH:OPEN [INFO] ALLOWED
2026-09-29T18:28:44.465Z OCSF EVENT [INFO] ssh relay closed (channel_id=[redacted], target=unix:/run/openshell/ssh.sock)
2026-09-29T18:28:44.571Z OCSF EVENT [INFO] ssh relay open (channel_id=[redacted], target=unix:/run/openshell/ssh.sock)
2026-09-29T18:28:44.572Z OCSF SSH:OPEN [INFO] ALLOWED
2026-09-29T18:28:44.586Z OCSF CONFIG:PUBLISHED [INFO] Policy DNS mapped example.com resolved=104.20.23.154,172.66.147.243 synthetic=198.18.0.2 ports=443 mapping_id=[redacted]
2026-09-29T18:28:44.632Z OCSF NET:OPEN [INFO] ALLOWED /usr/bin/curl(0) -> example.com:443 [policy:req-example-get engine:opa]
2026-09-29T18:28:44.682Z OCSF HTTP:GET [INFO] ALLOWED GET http://example.com:443/ [policy:req-example-get engine:l7]
2026-09-29T18:28:44.745Z OCSF EVENT [INFO] ssh relay closed (channel_id=[redacted], target=unix:/run/openshell/ssh.sock)
2026-09-29T18:28:44.839Z OCSF EVENT [INFO] ssh relay open (channel_id=[redacted], target=unix:/run/openshell/ssh.sock)
2026-09-29T18:28:44.839Z OCSF SSH:OPEN [INFO] ALLOWED
2026-09-29T18:28:44.893Z OCSF EVENT [INFO] ssh relay closed (channel_id=[redacted], target=unix:/run/openshell/ssh.sock)
==== docker-logs [redacted] ====
2026-09-29T18:28:40.354Z INFO openshell_sandbox::boundary_server::linux: Boundary control listener ready
2026-09-29T18:28:41.195Z OCSF CONFIG:PROBED [INFO] Landlock filesystem sandbox available [abi:v7 compat:HardRequirement ro:8 rw:2]
2026-09-29T18:28:41.195Z OCSF CONFIG:APPLYING [INFO] Applying Landlock filesystem sandbox [abi:V3 compat:HardRequirement ro:11 rw:2]
2026-09-29T18:28:41.195Z OCSF CONFIG:BUILT [INFO] Landlock ruleset built [rules_applied:12 skipped:1]
2026-09-29T18:28:41.197Z OCSF PROC:LAUNCH [INFO] /usr/bin/sleep(68)
2026-09-29T18:28:41.567Z OCSF CONFIG:APPLYING [INFO] Applying Landlock filesystem sandbox [abi:V3 compat:HardRequirement ro:11 rw:2]
2026-09-29T18:28:41.567Z OCSF CONFIG:BUILT [INFO] Landlock ruleset built [rules_applied:12 skipped:1]
2026-09-29T18:28:41.714Z OCSF CONFIG:APPLYING [INFO] Applying Landlock filesystem sandbox [abi:V3 compat:HardRequirement ro:11 rw:2]
2026-09-29T18:28:41.714Z OCSF CONFIG:BUILT [INFO] Landlock ruleset built [rules_applied:12 skipped:1]
2026-09-29T18:28:41.877Z OCSF CONFIG:APPLYING [INFO] Applying Landlock filesystem sandbox [abi:V3 compat:HardRequirement ro:11 rw:2]
2026-09-29T18:28:41.877Z OCSF CONFIG:BUILT [INFO] Landlock ruleset built [rules_applied:12 skipped:1]
2026-09-29T18:28:42.237Z OCSF CONFIG:APPLYING [INFO] Applying Landlock filesystem sandbox [abi:V3 compat:HardRequirement ro:11 rw:2]
2026-09-29T18:28:42.237Z OCSF CONFIG:BUILT [INFO] Landlock ruleset built [rules_applied:12 skipped:1]
2026-09-29T18:28:42.371Z OCSF CONFIG:APPLYING [INFO] Applying Landlock filesystem sandbox [abi:V3 compat:HardRequirement ro:11 rw:2]
2026-09-29T18:28:42.371Z OCSF CONFIG:BUILT [INFO] Landlock ruleset built [rules_applied:12 skipped:1]
2026-09-29T18:28:42.526Z OCSF CONFIG:APPLYING [INFO] Applying Landlock filesystem sandbox [abi:V3 compat:HardRequirement ro:11 rw:2]
2026-09-29T18:28:42.526Z OCSF CONFIG:BUILT [INFO] Landlock ruleset built [rules_applied:12 skipped:1]
2026-09-29T18:28:42.777Z OCSF CONFIG:APPLYING [INFO] Applying Landlock filesystem sandbox [abi:V3 compat:HardRequirement ro:11 rw:2]
2026-09-29T18:28:42.777Z OCSF CONFIG:BUILT [INFO] Landlock ruleset built [rules_applied:12 skipped:1]
2026-09-29T18:28:42.918Z OCSF CONFIG:APPLYING [INFO] Applying Landlock filesystem sandbox [abi:V3 compat:HardRequirement ro:11 rw:2]
2026-09-29T18:28:42.918Z OCSF CONFIG:BUILT [INFO] Landlock ruleset built [rules_applied:12 skipped:1]
2026-09-29T18:28:43.087Z OCSF CONFIG:APPLYING [INFO] Applying Landlock filesystem sandbox [abi:V3 compat:HardRequirement ro:11 rw:2]
2026-09-29T18:28:43.087Z OCSF CONFIG:BUILT [INFO] Landlock ruleset built [rules_applied:12 skipped:1]
2026-09-29T18:28:43.332Z OCSF CONFIG:APPLYING [INFO] Applying Landlock filesystem sandbox [abi:V3 compat:HardRequirement ro:11 rw:2]
2026-09-29T18:28:43.332Z OCSF CONFIG:BUILT [INFO] Landlock ruleset built [rules_applied:12 skipped:1]
2026-09-29T18:28:43.473Z OCSF CONFIG:APPLYING [INFO] Applying Landlock filesystem sandbox [abi:V3 compat:HardRequirement ro:11 rw:2]
2026-09-29T18:28:43.473Z OCSF CONFIG:BUILT [INFO] Landlock ruleset built [rules_applied:12 skipped:1]
2026-09-29T18:28:43.634Z OCSF CONFIG:APPLYING [INFO] Applying Landlock filesystem sandbox [abi:V3 compat:HardRequirement ro:11 rw:2]
2026-09-29T18:28:43.635Z OCSF CONFIG:BUILT [INFO] Landlock ruleset built [rules_applied:12 skipped:1]
2026-09-29T18:28:43.780Z OCSF CONFIG:APPLYING [INFO] Applying Landlock filesystem sandbox [abi:V3 compat:HardRequirement ro:11 rw:2]
2026-09-29T18:28:43.780Z OCSF CONFIG:BUILT [INFO] Landlock ruleset built [rules_applied:12 skipped:1]
2026-09-29T18:28:43.921Z OCSF CONFIG:APPLYING [INFO] Applying Landlock filesystem sandbox [abi:V3 compat:HardRequirement ro:11 rw:2]
2026-09-29T18:28:43.921Z OCSF CONFIG:BUILT [INFO] Landlock ruleset built [rules_applied:12 skipped:1]
2026-09-29T18:28:44.087Z OCSF CONFIG:APPLYING [INFO] Applying Landlock filesystem sandbox [abi:V3 compat:HardRequirement ro:11 rw:2]
2026-09-29T18:28:44.087Z OCSF CONFIG:BUILT [INFO] Landlock ruleset built [rules_applied:12 skipped:1]
2026-09-29T18:28:44.228Z OCSF CONFIG:APPLYING [INFO] Applying Landlock filesystem sandbox [abi:V3 compat:HardRequirement ro:11 rw:2]
2026-09-29T18:28:44.228Z OCSF CONFIG:BUILT [INFO] Landlock ruleset built [rules_applied:12 skipped:1]
2026-09-29T18:28:44.420Z OCSF CONFIG:APPLYING [INFO] Applying Landlock filesystem sandbox [abi:V3 compat:HardRequirement ro:11 rw:2]
2026-09-29T18:28:44.420Z OCSF CONFIG:BUILT [INFO] Landlock ruleset built [rules_applied:12 skipped:1]
2026-09-29T18:28:44.579Z OCSF CONFIG:APPLYING [INFO] Applying Landlock filesystem sandbox [abi:V3 compat:HardRequirement ro:11 rw:2]
2026-09-29T18:28:44.579Z OCSF CONFIG:BUILT [INFO] Landlock ruleset built [rules_applied:12 skipped:1]
2026-09-29T18:28:44.846Z OCSF CONFIG:APPLYING [INFO] Applying Landlock filesystem sandbox [abi:V3 compat:HardRequirement ro:11 rw:2]
2026-09-29T18:28:44.846Z OCSF CONFIG:BUILT [INFO] Landlock ruleset built [rules_applied:12 skipped:1]
==== gateway-stream ====
[1790706521.048] [sandbox] [INFO ] [openshell_supervisor] Starting sandbox supervision command=["/usr/bin/sleep", "3600"]
[1790706521.097] [sandbox] [INFO ] [openshell_supervisor] Fetching sandbox policy via gRPC endpoint=https://host.docker.internal:17670 sandbox=fip-m5d-rest sandbox_id=[redacted]
[1790706521.157] [sandbox] [INFO ] [openshell_supervisor_network::opa] Configured OPA runtime binary identity mode require_binary_identity=true source=proto
[1790706521.157] [sandbox] [OCSF ] [ocsf] CONFIG:CONFIGURED [INFO] OPA runtime binary identity mode configured [source:proto require_binary_identity:true] [source:proto]
[1790706521.183] [sandbox] [INFO ] [openshell_supervisor] Isolation boundary attached backend=openshell-sandbox
[1790706521.184] [sandbox] [INFO ] [openshell_supervisor] Isolation boundary enforcement confirmed backend=openshell-sandbox
[1790706521.185] [sandbox] [OCSF ] [ocsf] CONFIG:ENABLED [INFO] TLS termination enabled: ephemeral CA generated
[1790706521.185] [sandbox] [OCSF ] [ocsf] CONFIG:READY [INFO] Policy DNS connected to isolation boundary
[1790706521.185] [sandbox] [OCSF ] [ocsf] NET:LISTEN [INFO] 127.0.0.1:3128
[1790706521.198] [sandbox] [INFO ] [openshell_supervisor] Isolation boundary agent started backend=openshell-sandbox
[1790706521.199] [sandbox] [OCSF ] [ocsf] SSH:LISTEN [INFO]
[1790706521.253] [sandbox] [OCSF ] [ocsf] CONFIG:LOADED [INFO] Acknowledged initial policy revision as loaded [version:1] [hash:1cd0c65156ed316f09662ee19f05414f2f38b527775c9a84998d7c68cec7e030]
[1790706521.263] [sandbox] [OCSF ] [ocsf] NET:OPEN [INFO] host.docker.internal:17670
[1790706521.263] [sandbox] [INFO ] [openshell_supervisor] Control-mode access plane started backend=openshell-sandbox
[1790706521.549] [sandbox] [OCSF ] [ocsf] EVENT [INFO] ssh relay open (channel_id=[redacted], target=unix:/run/openshell/ssh.sock)
[1790706521.550] [sandbox] [OCSF ] [ocsf] SSH:OPEN [INFO] ALLOWED
[1790706521.617] [sandbox] [OCSF ] [ocsf] EVENT [INFO] ssh relay closed (channel_id=[redacted], target=unix:/run/openshell/ssh.sock)
[1790706521.706] [sandbox] [OCSF ] [ocsf] EVENT [INFO] ssh relay open (channel_id=[redacted], target=unix:/run/openshell/ssh.sock)
[1790706521.706] [sandbox] [OCSF ] [ocsf] SSH:OPEN [INFO] ALLOWED
[1790706521.761] [sandbox] [OCSF ] [ocsf] EVENT [INFO] ssh relay closed (channel_id=[redacted], target=unix:/run/openshell/ssh.sock)
[1790706521.868] [sandbox] [OCSF ] [ocsf] EVENT [INFO] ssh relay open (channel_id=[redacted], target=unix:/run/openshell/ssh.sock)
[1790706521.868] [sandbox] [OCSF ] [ocsf] SSH:OPEN [INFO] ALLOWED
[1790706521.891] [sandbox] [OCSF ] [ocsf] CONFIG:PUBLISHED [INFO] Policy DNS mapped example.com resolved=104.20.23.154,172.66.147.243 synthetic=198.18.0.2 ports=443 mapping_id=[redacted]
[1790706521.938] [sandbox] [OCSF ] [ocsf] NET:OPEN [INFO] ALLOWED /usr/bin/curl(0) -> example.com:443 [policy:req-example-get engine:opa]
[1790706522.037] [sandbox] [OCSF ] [ocsf] HTTP:GET [INFO] ALLOWED GET http://example.com:443/ [policy:req-example-get engine:l7]
[1790706522.138] [sandbox] [OCSF ] [ocsf] EVENT [INFO] ssh relay closed (channel_id=[redacted], target=unix:/run/openshell/ssh.sock)
[1790706522.230] [sandbox] [OCSF ] [ocsf] EVENT [INFO] ssh relay open (channel_id=[redacted], target=unix:/run/openshell/ssh.sock)
[1790706522.230] [sandbox] [OCSF ] [ocsf] SSH:OPEN [INFO] ALLOWED
[1790706522.281] [sandbox] [OCSF ] [ocsf] EVENT [INFO] ssh relay closed (channel_id=[redacted], target=unix:/run/openshell/ssh.sock)
[1790706522.364] [sandbox] [OCSF ] [ocsf] EVENT [INFO] ssh relay open (channel_id=[redacted], target=unix:/run/openshell/ssh.sock)
[1790706522.364] [sandbox] [OCSF ] [ocsf] SSH:OPEN [INFO] ALLOWED
[1790706522.417] [sandbox] [OCSF ] [ocsf] EVENT [INFO] ssh relay closed (channel_id=[redacted], target=unix:/run/openshell/ssh.sock)
[1790706522.519] [sandbox] [OCSF ] [ocsf] EVENT [INFO] ssh relay open (channel_id=[redacted], target=unix:/run/openshell/ssh.sock)
[1790706522.519] [sandbox] [OCSF ] [ocsf] SSH:OPEN [INFO] ALLOWED
[1790706522.533] [sandbox] [OCSF ] [ocsf] CONFIG:PUBLISHED [INFO] Policy DNS mapped example.com resolved=104.20.23.154,172.66.147.243 synthetic=198.18.0.2 ports=443 mapping_id=[redacted]
[1790706522.581] [sandbox] [OCSF ] [ocsf] NET:OPEN [INFO] ALLOWED /usr/bin/curl(0) -> example.com:443 [policy:req-example-get engine:opa]
[1790706522.634] [sandbox] [OCSF ] [ocsf] HTTP:GET [MED] DENIED GET http://example.com:443/fip-unauthorized-path [policy:req-example-get engine:l7] [reason:L7_REQUEST deny GET example.com:443/fip-unauthorized-path reason=GET /fip-unauthorized-path not permitted by policy]
[1790706522.677] [sandbox] [OCSF ] [ocsf] EVENT [INFO] ssh relay closed (channel_id=[redacted], target=unix:/run/openshell/ssh.sock)
[1790706522.770] [sandbox] [OCSF ] [ocsf] EVENT [INFO] ssh relay open (channel_id=[redacted], target=unix:/run/openshell/ssh.sock)
[1790706522.770] [sandbox] [OCSF ] [ocsf] SSH:OPEN [INFO] ALLOWED
[1790706522.825] [sandbox] [OCSF ] [ocsf] EVENT [INFO] ssh relay closed (channel_id=[redacted], target=unix:/run/openshell/ssh.sock)
[1790706522.909] [sandbox] [OCSF ] [ocsf] EVENT [INFO] ssh relay open (channel_id=[redacted], target=unix:/run/openshell/ssh.sock)
[1790706522.909] [sandbox] [OCSF ] [ocsf] SSH:OPEN [INFO] ALLOWED
[1790706522.965] [sandbox] [OCSF ] [ocsf] EVENT [INFO] ssh relay closed (channel_id=[redacted], target=unix:/run/openshell/ssh.sock)
[1790706523.076] [sandbox] [OCSF ] [ocsf] EVENT [INFO] ssh relay open (channel_id=[redacted], target=unix:/run/openshell/ssh.sock)
[1790706523.076] [sandbox] [OCSF ] [ocsf] SSH:OPEN [INFO] ALLOWED
[1790706523.096] [sandbox] [OCSF ] [ocsf] CONFIG:PUBLISHED [INFO] Policy DNS mapped example.com resolved=104.20.23.154,172.66.147.243 synthetic=198.18.0.2 ports=443 mapping_id=[redacted]
[1790706523.146] [sandbox] [OCSF ] [ocsf] NET:OPEN [INFO] ALLOWED /usr/bin/curl(0) -> example.com:443 [policy:req-example-get engine:opa]
[1790706523.197] [sandbox] [OCSF ] [ocsf] HTTP:POST [MED] DENIED POST http://example.com:443/ [policy:req-example-get engine:l7] [reason:L7_REQUEST deny POST example.com:443/ reason=POST / not permitted by policy]
[1790706523.202] [sandbox] [OCSF ] [ocsf] EVENT [INFO] ssh relay closed (channel_id=[redacted], target=unix:/run/openshell/ssh.sock)
[1790706523.323] [sandbox] [OCSF ] [ocsf] EVENT [INFO] ssh relay open (channel_id=[redacted], target=unix:/run/openshell/ssh.sock)
[1790706523.323] [sandbox] [OCSF ] [ocsf] SSH:OPEN [INFO] ALLOWED
[1790706523.381] [sandbox] [OCSF ] [ocsf] EVENT [INFO] ssh relay closed (channel_id=[redacted], target=unix:/run/openshell/ssh.sock)
[1790706523.463] [sandbox] [OCSF ] [ocsf] EVENT [INFO] ssh relay open (channel_id=[redacted], target=unix:/run/openshell/ssh.sock)
[1790706523.463] [sandbox] [OCSF ] [ocsf] SSH:OPEN [INFO] ALLOWED
[1790706523.521] [sandbox] [OCSF ] [ocsf] EVENT [INFO] ssh relay closed (channel_id=[redacted], target=unix:/run/openshell/ssh.sock)
[1790706523.626] [sandbox] [OCSF ] [ocsf] EVENT [INFO] ssh relay open (channel_id=[redacted], target=unix:/run/openshell/ssh.sock)
[1790706523.626] [sandbox] [OCSF ] [ocsf] SSH:OPEN [INFO] ALLOWED
[1790706523.641] [sandbox] [OCSF ] [ocsf] NET:REFUSE [MED] DENIED example.org [reason:policy_dns_ineligible]
[1790706523.641] [sandbox] [OCSF ] [ocsf] CONFIG:OBSERVATION [INFO] Policy DNS staged unapproved name example.org synthetic=198.18.0.3 for TCP policy review
[1790706523.642] [sandbox] [WARN ] [openshell_supervisor_network::proxy] Denied staged transparent connection destination=198.18.0.3:443 reason=endpoint example.org:443 is not allowed by any policy
[1790706523.642] [sandbox] [OCSF ] [ocsf] NET:OPEN [MED] DENIED /usr/bin/curl(0) -> example.org:443 [reason:transparent_tcp_policy_denied]
[1790706523.681] [sandbox] [OCSF ] [ocsf] EVENT [INFO] ssh relay closed (channel_id=[redacted], target=unix:/run/openshell/ssh.sock)
[1790706523.772] [sandbox] [OCSF ] [ocsf] EVENT [INFO] ssh relay open (channel_id=[redacted], target=unix:/run/openshell/ssh.sock)
[1790706523.772] [sandbox] [OCSF ] [ocsf] SSH:OPEN [INFO] ALLOWED
[1790706523.825] [sandbox] [OCSF ] [ocsf] EVENT [INFO] ssh relay closed (channel_id=[redacted], target=unix:/run/openshell/ssh.sock)
[1790706523.914] [sandbox] [OCSF ] [ocsf] EVENT [INFO] ssh relay open (channel_id=[redacted], target=unix:/run/openshell/ssh.sock)
[1790706523.914] [sandbox] [OCSF ] [ocsf] SSH:OPEN [INFO] ALLOWED
[1790706523.969] [sandbox] [OCSF ] [ocsf] EVENT [INFO] ssh relay closed (channel_id=[redacted], target=unix:/run/openshell/ssh.sock)
[1790706524.078] [sandbox] [OCSF ] [ocsf] EVENT [INFO] ssh relay open (channel_id=[redacted], target=unix:/run/openshell/ssh.sock)
[1790706524.079] [sandbox] [OCSF ] [ocsf] SSH:OPEN [INFO] ALLOWED
[1790706524.094] [sandbox] [OCSF ] [ocsf] CONFIG:PUBLISHED [INFO] Policy DNS mapped example.com resolved=104.20.23.154,172.66.147.243 synthetic=198.18.0.2 ports=443 mapping_id=[redacted]
[1790706524.095] [sandbox] [WARN ] [openshell_supervisor_network::proxy] Denied staged transparent connection destination=198.18.0.2:8443 error=transparent destination mapping is unavailable: transparent TCP mapping does not authorize the requested port
[1790706524.095] [sandbox] [OCSF ] [ocsf] NET:OPEN [MED] DENIED /usr/bin/curl(0) -> 198.18.0.2:8443 [reason:transparent_tcp_mapping_denied]
[1790706524.133] [sandbox] [OCSF ] [ocsf] EVENT [INFO] ssh relay closed (channel_id=[redacted], target=unix:/run/openshell/ssh.sock)
[1790706524.219] [sandbox] [OCSF ] [ocsf] EVENT [INFO] ssh relay open (channel_id=[redacted], target=unix:/run/openshell/ssh.sock)
[1790706524.220] [sandbox] [OCSF ] [ocsf] SSH:OPEN [INFO] ALLOWED
[1790706524.269] [sandbox] [OCSF ] [ocsf] EVENT [INFO] ssh relay closed (channel_id=[redacted], target=unix:/run/openshell/ssh.sock)
[1790706524.411] [sandbox] [OCSF ] [ocsf] EVENT [INFO] ssh relay open (channel_id=[redacted], target=unix:/run/openshell/ssh.sock)
[1790706524.411] [sandbox] [OCSF ] [ocsf] SSH:OPEN [INFO] ALLOWED
[1790706524.465] [sandbox] [OCSF ] [ocsf] EVENT [INFO] ssh relay closed (channel_id=[redacted], target=unix:/run/openshell/ssh.sock)
[1790706524.571] [sandbox] [OCSF ] [ocsf] EVENT [INFO] ssh relay open (channel_id=[redacted], target=unix:/run/openshell/ssh.sock)
[1790706524.572] [sandbox] [OCSF ] [ocsf] SSH:OPEN [INFO] ALLOWED
[1790706524.586] [sandbox] [OCSF ] [ocsf] CONFIG:PUBLISHED [INFO] Policy DNS mapped example.com resolved=104.20.23.154,172.66.147.243 synthetic=198.18.0.2 ports=443 mapping_id=[redacted]
[1790706524.632] [sandbox] [OCSF ] [ocsf] NET:OPEN [INFO] ALLOWED /usr/bin/curl(0) -> example.com:443 [policy:req-example-get engine:opa]
[1790706524.682] [sandbox] [OCSF ] [ocsf] HTTP:GET [INFO] ALLOWED GET http://example.com:443/ [policy:req-example-get engine:l7]
[1790706524.745] [sandbox] [OCSF ] [ocsf] EVENT [INFO] ssh relay closed (channel_id=[redacted], target=unix:/run/openshell/ssh.sock)
[1790706524.839] [sandbox] [OCSF ] [ocsf] EVENT [INFO] ssh relay open (channel_id=[redacted], target=unix:/run/openshell/ssh.sock)
[1790706524.839] [sandbox] [OCSF ] [ocsf] SSH:OPEN [INFO] ALLOWED
[1790706524.893] [sandbox] [OCSF ] [ocsf] EVENT [INFO] ssh relay closed (channel_id=[redacted], target=unix:/run/openshell/ssh.sock)
